<?xml version="1.0" encoding="UTF-8"?>
<ns0:creature xmlns:ns0="http://www.example.org/creature/">
    <dog name="${dog!?string}" />    
</ns0:creature>
