<?xml version="1.0" encoding="UTF-8"?>
<ns0:OrderStatusResult xmlns:ns0="rrn:org.xcbl:schemas/xcbl/v4_0/ordermanagement/v1_0/ordermanagement.xsd">
    <ns0:OrderStatusResultHeader>
        <ns0:BuyerParty>
            <ns1:PartyID xmlns:ns1="rrn:org.xcbl:schemas/xcbl/v4_0/core/core.xsd">
                <ns1:Ident>${order.status.id!?string}</ns1:Ident>                
            </ns1:PartyID>            
        </ns0:BuyerParty>        
    </ns0:OrderStatusResultHeader>    
</ns0:OrderStatusResult>