<?xml version="1.0" encoding="UTF-8"?>
<ns0:OrderStatusResult xmlns:ns0="rrn:org.xcbl:schemas/xcbl/v4_0/ordermanagement/v1_0/ordermanagement.xsd">
    <ns0:OrderStatusResultHeader>
        <ns0:BuyerParty>
            <ns1:PartyID xmlns:ns1="rrn:org.xcbl:schemas/xcbl/v4_0/core/core.xsd">
                <ns1:Ident>${order.status.id!?string}</ns1:Ident>                
            </ns1:PartyID>            
        </ns0:BuyerParty>        
    </ns0:OrderStatusResultHeader>    
    <ns0:ListOfOrderStatusResultDetail>
        <#list order.orderItemsStatusList as itemStatus>
        <ns0:OrderStatusResultDetail>
            <ns0:OrderStatusResultReference>
                <ns0:BuyerReferenceNumber>${itemStatus.buyerRefNumber!?string}</ns0:BuyerReferenceNumber>                
            </ns0:OrderStatusResultReference>            
        </ns0:OrderStatusResultDetail>
        </#list>        
    </ns0:ListOfOrderStatusResultDetail>    
</ns0:OrderStatusResult>