<?xml version="1.0" encoding="UTF-8"?>
<ns0:person xmlns:ns0="http://www.example.org/simple-01/">
    <name first="#required" last="#required">
        <male>#required</male>
        <female>#required</female>
    </name>    
    <address>#required</address>    
</ns0:person>